#-----------------------------------------------------------
# Vivado v2022.1 (64-bit)
# SW Build 3526262 on Mon Apr 18 15:48:16 MDT 2022
# IP Build 3524634 on Mon Apr 18 20:55:01 MDT 2022
# Start of session at: Sun Dec  4 16:43:10 2022
# Process ID: 5368
# Current directory: D:/OneDrive/University/year_3/semester_1/2110363_HW_SYN_LAB_I/project/Final_Project/HW_SYS_LAB_Project/Term_Project
# Command line: vivado.exe -gui_launcher_event rodinguilauncherevent24264 D:\OneDrive\University\year_3\semester_1\2110363_HW_SYN_LAB_I\project\Final_Project\HW_SYS_LAB_Project\Term_Project\Term_Project.xpr
# Log file: D:/OneDrive/University/year_3/semester_1/2110363_HW_SYN_LAB_I/project/Final_Project/HW_SYS_LAB_Project/Term_Project/vivado.log
# Journal file: D:/OneDrive/University/year_3/semester_1/2110363_HW_SYN_LAB_I/project/Final_Project/HW_SYS_LAB_Project/Term_Project\vivado.jou
# Running On: DESKTOP-K9LHMM3, OS: Windows, CPU Frequency: 3693 MHz, CPU Physical cores: 12, Host memory: 34259 MB
#-----------------------------------------------------------
start_gui
open_project D:/OneDrive/University/year_3/semester_1/2110363_HW_SYN_LAB_I/project/Final_Project/HW_SYS_LAB_Project/Term_Project/Term_Project.xpr
update_compile_order -fileset sources_1
reset_run synth_1
launch_runs impl_1 -to_step write_bitstream -jobs 12
wait_on_run impl_1
open_hw_manager
connect_hw_server -allow_non_jtag
open_hw_target
set_property PROGRAM.FILE {D:/OneDrive/University/year_3/semester_1/2110363_HW_SYN_LAB_I/project/Final_Project/HW_SYS_LAB_Project/Term_Project/Term_Project.runs/impl_1/vga.bit} [get_hw_devices xc7a35t_0]
current_hw_device [get_hw_devices xc7a35t_0]
refresh_hw_device -update_hw_probes false [lindex [get_hw_devices xc7a35t_0] 0]
set_property PROBES.FILE {} [get_hw_devices xc7a35t_0]
set_property FULL_PROBES.FILE {} [get_hw_devices xc7a35t_0]
set_property PROGRAM.FILE {D:/OneDrive/University/year_3/semester_1/2110363_HW_SYN_LAB_I/project/Final_Project/HW_SYS_LAB_Project/Term_Project/Term_Project.runs/impl_1/vga.bit} [get_hw_devices xc7a35t_0]
program_hw_devices [get_hw_devices xc7a35t_0]
refresh_hw_device [lindex [get_hw_devices xc7a35t_0] 0]
reset_run synth_1
launch_runs impl_1 -to_step write_bitstream -jobs 12
wait_on_run impl_1
reset_run synth_1
launch_runs impl_1 -to_step write_bitstream -jobs 12
wait_on_run impl_1
set_property PROBES.FILE {} [get_hw_devices xc7a35t_0]
set_property FULL_PROBES.FILE {} [get_hw_devices xc7a35t_0]
set_property PROGRAM.FILE {D:/OneDrive/University/year_3/semester_1/2110363_HW_SYN_LAB_I/project/Final_Project/HW_SYS_LAB_Project/Term_Project/Term_Project.runs/impl_1/vga.bit} [get_hw_devices xc7a35t_0]
program_hw_devices [get_hw_devices xc7a35t_0]
refresh_hw_device [lindex [get_hw_devices xc7a35t_0] 0]
reset_run synth_1
launch_runs impl_1 -to_step write_bitstream -jobs 12
wait_on_run impl_1
set_property PROBES.FILE {} [get_hw_devices xc7a35t_0]
set_property FULL_PROBES.FILE {} [get_hw_devices xc7a35t_0]
set_property PROGRAM.FILE {D:/OneDrive/University/year_3/semester_1/2110363_HW_SYN_LAB_I/project/Final_Project/HW_SYS_LAB_Project/Term_Project/Term_Project.runs/impl_1/vga.bit} [get_hw_devices xc7a35t_0]
program_hw_devices [get_hw_devices xc7a35t_0]
refresh_hw_device [lindex [get_hw_devices xc7a35t_0] 0]
reset_run synth_1
launch_runs impl_1 -to_step write_bitstream -jobs 12
wait_on_run impl_1
reset_run synth_1
launch_runs impl_1 -to_step write_bitstream -jobs 12
wait_on_run impl_1
set_property PROBES.FILE {} [get_hw_devices xc7a35t_0]
set_property FULL_PROBES.FILE {} [get_hw_devices xc7a35t_0]
set_property PROGRAM.FILE {D:/OneDrive/University/year_3/semester_1/2110363_HW_SYN_LAB_I/project/Final_Project/HW_SYS_LAB_Project/Term_Project/Term_Project.runs/impl_1/vga.bit} [get_hw_devices xc7a35t_0]
program_hw_devices [get_hw_devices xc7a35t_0]
refresh_hw_device [lindex [get_hw_devices xc7a35t_0] 0]
create_fileset -simset sim_2
file mkdir D:/OneDrive/University/year_3/semester_1/2110363_HW_SYN_LAB_I/project/Final_Project/HW_SYS_LAB_Project/Term_Project/Term_Project.srcs/sim_2/new
set_property SOURCE_SET sources_1 [get_filesets sim_2]
close [ open D:/OneDrive/University/year_3/semester_1/2110363_HW_SYN_LAB_I/project/Final_Project/HW_SYS_LAB_Project/Term_Project/Term_Project.srcs/sim_2/new/screen_tb.v w ]
add_files -fileset sim_2 D:/OneDrive/University/year_3/semester_1/2110363_HW_SYN_LAB_I/project/Final_Project/HW_SYS_LAB_Project/Term_Project/Term_Project.srcs/sim_2/new/screen_tb.v
update_compile_order -fileset sim_2
# Disabling source management mode.  This is to allow the top design properties to be set without GUI intervention.
set_property source_mgmt_mode None [current_project]
set_property top screen_tb [get_filesets sim_2]
set_property top_lib xil_defaultlib [get_filesets sim_2]
# Re-enabling previously disabled source management mode.
set_property source_mgmt_mode All [current_project]
update_compile_order -fileset sim_2
launch_simulation -simset [get_filesets sim_2 ]
source screen_tb.tcl
close_sim
launch_simulation -simset [get_filesets sim_2 ]
source screen_tb.tcl
close_sim
launch_simulation -simset [get_filesets sim_2 ]
source screen_tb.tcl
close_sim
launch_simulation -simset [get_filesets sim_2 ]
source screen_tb.tcl
close_sim
launch_simulation -simset [get_filesets sim_2 ]
source screen_tb.tcl
launch_simulation
source rom_font_tb.tcl
current_sim simulation_5
close_sim
launch_simulation -simset [get_filesets sim_2 ]
launch_simulation -simset [get_filesets sim_2 ]
close_sim
