#-----------------------------------------------------------
# Vivado v2022.1 (64-bit)
# SW Build 3526262 on Mon Apr 18 15:48:16 MDT 2022
# IP Build 3524634 on Mon Apr 18 20:55:01 MDT 2022
# Start of session at: Thu Dec  8 21:03:23 2022
# Process ID: 16408
# Current directory: D:/OneDrive/University/year_3/semester_1/2110363_HW_SYN_LAB_I/project/Final_Project/HW_SYS_LAB_Project/Term_Project
# Command line: vivado.exe -gui_launcher_event rodinguilauncherevent17276 D:\OneDrive\University\year_3\semester_1\2110363_HW_SYN_LAB_I\project\Final_Project\HW_SYS_LAB_Project\Term_Project\Term_Project.xpr
# Log file: D:/OneDrive/University/year_3/semester_1/2110363_HW_SYN_LAB_I/project/Final_Project/HW_SYS_LAB_Project/Term_Project/vivado.log
# Journal file: D:/OneDrive/University/year_3/semester_1/2110363_HW_SYN_LAB_I/project/Final_Project/HW_SYS_LAB_Project/Term_Project\vivado.jou
# Running On: DESKTOP-K9LHMM3, OS: Windows, CPU Frequency: 3693 MHz, CPU Physical cores: 12, Host memory: 34259 MB
#-----------------------------------------------------------
start_gui
open_project D:/OneDrive/University/year_3/semester_1/2110363_HW_SYN_LAB_I/project/Final_Project/HW_SYS_LAB_Project/Term_Project/Term_Project.xpr
